Archive member included to satisfy reference by file (symbol)

/usr/local/mcuxpressoide-10.2.0_759/ide/tools/bin/../lib/gcc/arm-none-eabi/7.2.1/../../../../arm-none-eabi/lib/thumb/v7e-m/fpv4-sp/hard/libcr_semihost_nf.a(_cr__main.o)
                              ./startup/startup_mk82f25615.o (__main)
/usr/local/mcuxpressoide-10.2.0_759/ide/tools/bin/../lib/gcc/arm-none-eabi/7.2.1/../../../../arm-none-eabi/lib/thumb/v7e-m/fpv4-sp/hard/libcr_semihost_nf.a(_cr_assert.o)
                              ./utilities/fsl_debug_console.o (__assertion_failed)
/usr/local/mcuxpressoide-10.2.0_759/ide/tools/bin/../lib/gcc/arm-none-eabi/7.2.1/../../../../arm-none-eabi/lib/thumb/v7e-m/fpv4-sp/hard/libcr_semihost_nf.a(__ciob.o)
                              /usr/local/mcuxpressoide-10.2.0_759/ide/tools/bin/../lib/gcc/arm-none-eabi/7.2.1/../../../../arm-none-eabi/lib/thumb/v7e-m/fpv4-sp/hard/libcr_semihost_nf.a(_cr_assert.o) (__Ciob)
/usr/local/mcuxpressoide-10.2.0_759/ide/tools/bin/../lib/gcc/arm-none-eabi/7.2.1/../../../../arm-none-eabi/lib/thumb/v7e-m/fpv4-sp/hard/libcr_semihost_nf.a(__sys_appexit.o)
                              /usr/local/mcuxpressoide-10.2.0_759/ide/tools/bin/../lib/gcc/arm-none-eabi/7.2.1/../../../../arm-none-eabi/lib/thumb/v7e-m/fpv4-sp/hard/libcr_semihost_nf.a(_cr_assert.o) (__sys_appexit)
/usr/local/mcuxpressoide-10.2.0_759/ide/tools/bin/../lib/gcc/arm-none-eabi/7.2.1/../../../../arm-none-eabi/lib/thumb/v7e-m/fpv4-sp/hard/libcr_c.a(memcpy.o)
                              ./drivers/fsl_ftfx_cache.o (memcpy)
/usr/local/mcuxpressoide-10.2.0_759/ide/tools/bin/../lib/gcc/arm-none-eabi/7.2.1/../../../../arm-none-eabi/lib/thumb/v7e-m/fpv4-sp/hard/libcr_c.a(memset.o)
                              ./drivers/fsl_ftfx_cache.o (memset)
/usr/local/mcuxpressoide-10.2.0_759/ide/tools/bin/../lib/gcc/arm-none-eabi/7.2.1/../../../../arm-none-eabi/lib/thumb/v7e-m/fpv4-sp/hard/libcr_c.a(_deferredlazyseek.o)
                              /usr/local/mcuxpressoide-10.2.0_759/ide/tools/bin/../lib/gcc/arm-none-eabi/7.2.1/../../../../arm-none-eabi/lib/thumb/v7e-m/fpv4-sp/hard/libcr_semihost_nf.a(_cr_assert.o) (__flsbuf)
/usr/local/mcuxpressoide-10.2.0_759/ide/tools/bin/../lib/gcc/arm-none-eabi/7.2.1/../../../../arm-none-eabi/lib/thumb/v7e-m/fpv4-sp/hard/libcr_c.a(_fflush.o)
                              /usr/local/mcuxpressoide-10.2.0_759/ide/tools/bin/../lib/gcc/arm-none-eabi/7.2.1/../../../../arm-none-eabi/lib/thumb/v7e-m/fpv4-sp/hard/libcr_c.a(_deferredlazyseek.o) (_fflush)
/usr/local/mcuxpressoide-10.2.0_759/ide/tools/bin/../lib/gcc/arm-none-eabi/7.2.1/../../../../arm-none-eabi/lib/thumb/v7e-m/fpv4-sp/hard/libcr_c.a(_writebuf.o)
                              /usr/local/mcuxpressoide-10.2.0_759/ide/tools/bin/../lib/gcc/arm-none-eabi/7.2.1/../../../../arm-none-eabi/lib/thumb/v7e-m/fpv4-sp/hard/libcr_c.a(_deferredlazyseek.o) (_Cwritebuf)
/usr/local/mcuxpressoide-10.2.0_759/ide/tools/bin/../lib/gcc/arm-none-eabi/7.2.1/../../../../arm-none-eabi/lib/thumb/v7e-m/fpv4-sp/hard/libcr_c.a(alloc.o)
                              ./drivers/fsl_common.o (malloc)
/usr/local/mcuxpressoide-10.2.0_759/ide/tools/bin/../lib/gcc/arm-none-eabi/7.2.1/../../../../arm-none-eabi/lib/thumb/v7e-m/fpv4-sp/hard/libcr_c.a(fputs.o)
                              /usr/local/mcuxpressoide-10.2.0_759/ide/tools/bin/../lib/gcc/arm-none-eabi/7.2.1/../../../../arm-none-eabi/lib/thumb/v7e-m/fpv4-sp/hard/libcr_semihost_nf.a(_cr_assert.o) (fputs)
/usr/local/mcuxpressoide-10.2.0_759/ide/tools/bin/../lib/gcc/arm-none-eabi/7.2.1/../../../../arm-none-eabi/lib/thumb/v7e-m/fpv4-sp/hard/libcr_c.a(fseek.o)
                              /usr/local/mcuxpressoide-10.2.0_759/ide/tools/bin/../lib/gcc/arm-none-eabi/7.2.1/../../../../arm-none-eabi/lib/thumb/v7e-m/fpv4-sp/hard/libcr_c.a(_deferredlazyseek.o) (fseek)
/usr/local/mcuxpressoide-10.2.0_759/ide/tools/bin/../lib/gcc/arm-none-eabi/7.2.1/../../../../arm-none-eabi/lib/thumb/v7e-m/fpv4-sp/hard/libcr_c.a(ftell.o)
                              /usr/local/mcuxpressoide-10.2.0_759/ide/tools/bin/../lib/gcc/arm-none-eabi/7.2.1/../../../../arm-none-eabi/lib/thumb/v7e-m/fpv4-sp/hard/libcr_c.a(fseek.o) (ftell)
/usr/local/mcuxpressoide-10.2.0_759/ide/tools/bin/../lib/gcc/arm-none-eabi/7.2.1/../../../../arm-none-eabi/lib/thumb/v7e-m/fpv4-sp/hard/libcr_c.a(initio.o)
                              /usr/local/mcuxpressoide-10.2.0_759/ide/tools/bin/../lib/gcc/arm-none-eabi/7.2.1/../../../../arm-none-eabi/lib/thumb/v7e-m/fpv4-sp/hard/libcr_semihost_nf.a(_cr__main.o) (_initio)
/usr/local/mcuxpressoide-10.2.0_759/ide/tools/bin/../lib/gcc/arm-none-eabi/7.2.1/../../../../arm-none-eabi/lib/thumb/v7e-m/fpv4-sp/hard/libcr_c.a(printf.o)
                              ./utilities/fsl_assert.o (_printf)
/usr/local/mcuxpressoide-10.2.0_759/ide/tools/bin/../lib/gcc/arm-none-eabi/7.2.1/../../../../arm-none-eabi/lib/thumb/v7e-m/fpv4-sp/hard/libcr_c.a(setvbuf.o)
[...]
Memory Configuration

Name             Origin             Length             Attributes
PROGRAM_FLASH    0x0000000000000000 0x0000000000040000 xr
SRAM_UPPER       0x0000000020000000 0x0000000000030000 xrw
SRAM_LOWER       0x000000001fff0000 0x0000000000010000 xrw
*default*        0x0000000000000000 0xffffffffffffffff

Linker script and memory map

LOAD ./utilities/fsl_assert.o
LOAD ./utilities/fsl_debug_console.o
LOAD ./utilities/fsl_io.o
LOAD ./utilities/fsl_log.o
LOAD ./utilities/fsl_str.o
LOAD ./startup/startup_mk82f25615.o
LOAD ./source/led_blinky_loop.o
LOAD ./source/semihost_hardfault.o
LOAD ./drivers/fsl_clock.o
LOAD ./drivers/fsl_common.o
LOAD ./drivers/fsl_ftfx_cache.o
LOAD ./drivers/fsl_ftfx_controller.o
LOAD ./drivers/fsl_ftfx_flash.o
LOAD ./drivers/fsl_ftfx_flexnvm.o
LOAD ./drivers/fsl_gpio.o
LOAD ./drivers/fsl_lpuart.o
LOAD ./drivers/fsl_smc.o
LOAD ./board/src/board.o
LOAD ./board/src/clock_config.o
LOAD ./board/peripherals.o
LOAD ./board/pin_mux.o
LOAD ./CMSIS/system_MK82F25615.o
START GROUP
LOAD /usr/local/mcuxpressoide-10.2.0_759/ide/tools/bin/../lib/gcc/arm-none-eabi/7.2.1/../../../../arm-none-eabi/lib/thumb/v7e-m/fpv4-sp/hard/libcr_semihost_nf.a
LOAD /usr/local/mcuxpressoide-10.2.0_759/ide/tools/bin/../lib/gcc/arm-none-eabi/7.2.1/../../../../arm-none-eabi/lib/thumb/v7e-m/fpv4-sp/hard/libcr_c.a
LOAD /usr/local/mcuxpressoide-10.2.0_759/ide/tools/bin/../lib/gcc/arm-none-eabi/7.2.1/thumb/v7e-m/fpv4-sp/hard/libcr_eabihelpers.a
END GROUP
                0x0000000000000000                __base_PROGRAM_FLASH = 0x0
                0x0000000000000000                __base_Flash = 0x0
                0x0000000000040000                __top_PROGRAM_FLASH = 0x40000
                0x0000000000040000                __top_Flash = 0x40000
                0x0000000020000000                __base_SRAM_UPPER = 0x20000000
                0x0000000020000000                __base_RAM = 0x20000000
                0x0000000020030000                __top_SRAM_UPPER = 0x20030000
                0x0000000020030000                __top_RAM = 0x20030000
                0x000000001fff0000                __base_SRAM_LOWER = 0x1fff0000
                0x000000001fff0000                __base_RAM2 = 0x1fff0000
                0x0000000020000000                __top_SRAM_LOWER = 0x20000000
                0x0000000020000000                __top_RAM2 = 0x20000000

.text           0x0000000000000000     0x149c
 FILL mask 0xff
                0x0000000000000000                __vectors_start__ = ABSOLUTE (.)
 *(SORT_BY_ALIGNMENT(.isr_vector))
 .isr_vector    0x0000000000000000      0x1e4 ./startup/startup_mk82f25615.o
                0x0000000000000000                __Vectors
                0x0000000000000000                g_pfnVectors
                0x00000000000001e4                . = ALIGN (0x4)
                0x00000000000001e4                __section_table_start = .
                0x00000000000001e4                __data_section_table = .
                0x00000000000001e4        0x4 LONG 0x149c LOADADDR (.data)
                0x00000000000001e8        0x4 LONG 0x20000000 ADDR (.data)
                0x00000000000001ec        0x4 LONG 0x4 SIZEOF (.data)
                0x00000000000001f0        0x4 LONG 0x149c LOADADDR (.data_RAM2)
                0x00000000000001f4        0x4 LONG 0x1fff0000 ADDR (.data_RAM2)
                0x00000000000001f8        0x4 LONG 0x0 SIZEOF (.data_RAM2)
                0x00000000000001fc                __data_section_table_end = .
                0x00000000000001fc                __bss_section_table = .
                0x00000000000001fc        0x4 LONG 0x20000004 ADDR (.bss)
                0x0000000000000200        0x4 LONG 0xdc SIZEOF (.bss)
                0x0000000000000204        0x4 LONG 0x1fff0000 ADDR (.bss_RAM2)
                0x0000000000000208        0x4 LONG 0x0 SIZEOF (.bss_RAM2)
                0x000000000000020c                __bss_section_table_end = .
                0x000000000000020c                __section_table_end = .
 *(SORT_BY_ALIGNMENT(.after_vectors*))
 .after_vectors.reset
                0x000000000000020c       0x4c ./startup/startup_mk82f25615.o
                0x000000000000020c                ResetISR
 .after_vectors.init_data
                0x0000000000000258       0x1e ./startup/startup_mk82f25615.o
                0x0000000000000258                data_init
 .after_vectors.init_bss
                0x0000000000000276       0x12 ./startup/startup_mk82f25615.o
                0x0000000000000276                bss_init
 .after_vectors
                0x0000000000000288       0x14 ./startup/startup_mk82f25615.o
                0x0000000000000288                NMI_Handler
                0x000000000000028c                MemManage_Handler
                0x000000000000028e                BusFault_Handler
                0x0000000000000290                UsageFault_Handler
                0x0000000000000292                SVC_Handler
                0x0000000000000294                DebugMon_Handler
                0x0000000000000296                PendSV_Handler
                0x000000000000029a                EMVSIM0_DriverIRQHandler
                0x000000000000029a                Reserved102_DriverIRQHandler
                0x000000000000029a                Reserved117_DriverIRQHandler
                0x000000000000029a                DMA13_DMA29_DriverIRQHandler
                0x000000000000029a                PORTB_DriverIRQHandler
                0x000000000000029a                SPI1_DriverIRQHandler
                0x000000000000029a                DMA_Error_DriverIRQHandler
                0x000000000000029a                Reserved119_DriverIRQHandler
                0x000000000000029a                Reserved101_DriverIRQHandler
                0x000000000000029a                FTM1_DriverIRQHandler
                0x000000000000029a                Reserved100_DriverIRQHandler
                0x000000000000029a                TRNG0_DriverIRQHandler
                0x000000000000029a                FTM2_DriverIRQHandler
                0x000000000000029a                Reserved52_DriverIRQHandler
                0x000000000000029a                TPM2_DriverIRQHandler
                0x000000000000029a                Reserved112_DriverIRQHandler
                0x000000000000029a                SDHC_DriverIRQHandler
                0x000000000000029a                Reserved82_DriverIRQHandler
                0x000000000000029a                DMA7_DMA23_DriverIRQHandler
                0x000000000000029a                Reserved111_DriverIRQHandler
                0x000000000000029a                Reserved110_DriverIRQHandler
                0x000000000000029a                I2C3_DriverIRQHandler
                0x000000000000029a                I2S0_Tx_DriverIRQHandler
                0x000000000000029a                TSI0_DriverIRQHandler
                0x000000000000029a                RTC_Seconds_DriverIRQHandler
                0x000000000000029a                Reserved109_DriverIRQHandler
                0x000000000000029a                LLWU_DriverIRQHandler
                0x000000000000029a                MCM_DriverIRQHandler
                0x000000000000029a                DMA14_DMA30_DriverIRQHandler
                0x000000000000029a                MCG_DriverIRQHandler
                0x000000000000029a                I2C2_DriverIRQHandler
                0x000000000000029a                FLEXIO0_DriverIRQHandler
                0x000000000000029a                CMP1_DriverIRQHandler
                0x000000000000029a                QuadSPI0_DriverIRQHandler
                0x000000000000029a                DMA0_DMA16_DriverIRQHandler
                0x000000000000029a                FTFA_DriverIRQHandler
                0x000000000000029a                FTM0_DriverIRQHandler
                0x000000000000029a                IntDefaultHandler
                0x000000000000029a                USB0_DriverIRQHandler
                0x000000000000029a                PORTC_DriverIRQHandler
                0x000000000000029a                DMA2_DMA18_DriverIRQHandler
                0x000000000000029a                DAC0_DriverIRQHandler
                0x000000000000029a                Reserved114_DriverIRQHandler
                0x000000000000029a                SPI2_DriverIRQHandler
                0x000000000000029a                LVD_LVW_DriverIRQHandler
                0x000000000000029a                Reserved84_DriverIRQHandler
                0x000000000000029a                USBDCD_DriverIRQHandler
                0x000000000000029a                PIT0CH1_DriverIRQHandler
                0x000000000000029a                DMA12_DMA28_DriverIRQHandler
                0x000000000000029a                LPTMR0_LPTMR1_DriverIRQHandler
                0x000000000000029a                DMA10_DMA26_DriverIRQHandler
                0x000000000000029a                Reserved91_DriverIRQHandler
                0x000000000000029a                CMT_DriverIRQHandler
                0x000000000000029a                Reserved71_DriverIRQHandler
                0x000000000000029a                PORTA_DriverIRQHandler
                0x000000000000029a                DMA1_DMA17_DriverIRQHandler
                0x000000000000029a                Reserved92_DriverIRQHandler
                0x000000000000029a                TPM1_DriverIRQHandler
                0x000000000000029a                WDOG_EWM_DriverIRQHandler
                0x000000000000029a                Reserved89_DriverIRQHandler
                0x000000000000029a                PDB0_DriverIRQHandler
                0x000000000000029a                Reserved95_DriverIRQHandler
                0x000000000000029a                Reserved83_DriverIRQHandler
                0x000000000000029a                DMA8_DMA24_DriverIRQHandler
                0x000000000000029a                Reserved93_DriverIRQHandler
                0x000000000000029a                DMA6_DMA22_DriverIRQHandler
                0x000000000000029a                RTC_DriverIRQHandler
                0x000000000000029a                I2S0_Rx_DriverIRQHandler
                0x000000000000029a                Read_Collision_DriverIRQHandler
                0x000000000000029a                SWI_DriverIRQHandler
                0x000000000000029a                Reserved99_DriverIRQHandler
                0x000000000000029a                Reserved51_DriverIRQHandler
                0x000000000000029a                PIT0CH3_DriverIRQHandler
                0x000000000000029a                DMA11_DMA27_DriverIRQHandler
                0x000000000000029a                Reserved94_DriverIRQHandler
                0x000000000000029a                PIT0CH2_DriverIRQHandler
                0x000000000000029a                DMA4_DMA20_DriverIRQHandler
                0x000000000000029a                DMA9_DMA25_DriverIRQHandler
                0x000000000000029a                Reserved118_DriverIRQHandler
                0x000000000000029a                I2C1_DriverIRQHandler
                0x000000000000029a                Reserved96_DriverIRQHandler
                0x000000000000029a                DMA3_DMA19_DriverIRQHandler
                0x000000000000029a                Reserved85_DriverIRQHandler
                0x000000000000029a                LTC0_DriverIRQHandler
                0x000000000000029a                SPI0_DriverIRQHandler
                0x000000000000029a                Reserved88_DriverIRQHandler
                0x000000000000029a                ADC0_DriverIRQHandler
                0x000000000000029a                Reserved113_DriverIRQHandler
                0x000000000000029a                CMP0_DriverIRQHandler
                0x000000000000029a                Reserved98_DriverIRQHandler
                0x000000000000029a                FTM3_DriverIRQHandler
                0x000000000000029a                EMVSIM1_DriverIRQHandler
                0x000000000000029a                Reserved106_DriverIRQHandler
                0x000000000000029a                DMA5_DMA21_DriverIRQHandler
                0x000000000000029a                Reserved115_DriverIRQHandler
                0x000000000000029a                DMA15_DMA31_DriverIRQHandler
                0x000000000000029a                PIT0CH0_DriverIRQHandler
                0x000000000000029a                PORTD_DriverIRQHandler
                0x000000000000029a                PORTE_DriverIRQHandler
                0x000000000000029a                I2C0_DriverIRQHandler
                0x000000000000029a                Reserved108_DriverIRQHandler
                0x0000000000000400                . = 0x400
 *fill*         0x000000000000029c      0x164 ff
                0x0000000000000400                PROVIDE (__FLASH_CONFIG_START__, .)
 *(SORT_BY_ALIGNMENT(.FlashConfig))
 .FlashConfig   0x0000000000000400       0x10 ./startup/startup_mk82f25615.o
                0x0000000000000400                Flash_Config
                0x0000000000000410                PROVIDE (__FLASH_CONFIG_END__, .)
                0x0000000000000001                ASSERT (! ((__FLASH_CONFIG_START__ == __FLASH_CONFIG_END__)), Linker Flash Config Support Enabled, but no .FlashConfig section provided within application)
 *(SORT_BY_ALIGNMENT(.text*))
 .text.__NVIC_SetPriority
                0x0000000000000410       0x54 ./source/led_blinky_loop.o
 .text.SysTick_Config
                0x0000000000000464       0x44 ./source/led_blinky_loop.o
 .text.SysTick_Handler
                0x00000000000004a8       0x24 ./source/led_blinky_loop.o
                0x00000000000004a8                SysTick_Handler
 .text.main     0x00000000000004cc       0x74 ./source/led_blinky_loop.o
                0x00000000000004cc                main
 .text.GPIO_PinInit
                0x0000000000000540       0x64 ./drivers/fsl_gpio.o
                0x0000000000000540                GPIO_PinInit
 .text.LPUART0_DriverIRQHandler
                0x00000000000005a4       0x28 ./drivers/fsl_lpuart.o
                0x00000000000005a4                LPUART0_DriverIRQHandler
 .text.LPUART1_DriverIRQHandler
                0x00000000000005cc       0x28 ./drivers/fsl_lpuart.o
                0x00000000000005cc                LPUART1_DriverIRQHandler
 .text.LPUART2_DriverIRQHandler
                0x00000000000005f4       0x28 ./drivers/fsl_lpuart.o
                0x00000000000005f4                LPUART2_DriverIRQHandler
 .text.LPUART3_DriverIRQHandler
                0x000000000000061c       0x28 ./drivers/fsl_lpuart.o
                0x000000000000061c                LPUART3_DriverIRQHandler
 .text.LPUART4_DriverIRQHandler
                0x0000000000000644       0x28 ./drivers/fsl_lpuart.o
                0x0000000000000644                LPUART4_DriverIRQHandler
 .text.BOARD_InitPins
                0x000000000000066c       0xac ./board/pin_mux.o
                0x000000000000066c                BOARD_InitPins
 .text.SystemInit
                0x0000000000000718       0x3c ./CMSIS/system_MK82F25615.o
                0x0000000000000718                SystemInit
 .text.__assertion_failed
                0x0000000000000754       0x4c /usr/local/mcuxpressoide-10.2.0_759/ide/tools/bin/../lib/gcc/arm-none-eabi/7.2.1/../../../../arm-none-eabi/lib/thumb/v7e-m/fpv4-sp/hard/libcr_semihost_nf.a(_cr_assert.o)
                0x0000000000000754                __assertion_failed
 .text.__sys_appexit
                0x00000000000007a0        0xc /usr/local/mcuxpressoide-10.2.0_759/ide/tools/bin/../lib/gcc/arm-none-eabi/7.2.1/../../../../arm-none-eabi/lib/thumb/v7e-m/fpv4-sp/hard/libcr_semihost_nf.a(__sys_appexit.o)
                0x00000000000007a0                __exit
                0x00000000000007a0                __sys_appexit
 .text._Cwritebuf
                0x00000000000007ac       0x6c /usr/local/mcuxpressoide-10.2.0_759/ide/tools/bin/../lib/gcc/arm-none-eabi/7.2.1/../../../../arm-none-eabi/lib/thumb/v7e-m/fpv4-sp/hard/libcr_c.a(_writebuf.o)
                0x00000000000007ac                _Cwritebuf
 .text.malloc   0x0000000000000818       0xc8 /usr/local/mcuxpressoide-10.2.0_759/ide/tools/bin/../lib/gcc/arm-none-eabi/7.2.1/../../../../arm-none-eabi/lib/thumb/v7e-m/fpv4-sp/hard/libcr_c.a(alloc.o)
                0x0000000000000818                malloc
 .text._Csys_alloc
                0x00000000000008e0       0x20 /usr/local/mcuxpressoide-10.2.0_759/ide/tools/bin/../lib/gcc/arm-none-eabi/7.2.1/../../../../arm-none-eabi/lib/thumb/v7e-m/fpv4-sp/hard/libcr_c.a(alloc.o)
                0x00000000000008e0                _Csys_alloc
 .text.fseek    0x0000000000000900      0x100 /usr/local/mcuxpressoide-10.2.0_759/ide/tools/bin/../lib/gcc/arm-none-eabi/7.2.1/../../../../arm-none-eabi/lib/thumb/v7e-m/fpv4-sp/hard/libcr_c.a(fseek.o)
                0x0000000000000900                fseek
 .text.ftell    0x0000000000000a00       0x44 /usr/local/mcuxpressoide-10.2.0_759/ide/tools/bin/../lib/gcc/arm-none-eabi/7.2.1/../../../../arm-none-eabi/lib/thumb/v7e-m/fpv4-sp/hard/libcr_c.a(ftell.o)
                0x0000000000000a00                ftell
 .text._initio  0x0000000000000a44       0x78 /usr/local/mcuxpressoide-10.2.0_759/ide/tools/bin/../lib/gcc/arm-none-eabi/7.2.1/../../../../arm-none-eabi/lib/thumb/v7e-m/fpv4-sp/hard/libcr_c.a(initio.o)
                0x0000000000000a44                _initio
 .text.setvbuf  0x0000000000000abc       0x40 /usr/local/mcuxpressoide-10.2.0_759/ide/tools/bin/../lib/gcc/arm-none-eabi/7.2.1/../../../../arm-none-eabi/lib/thumb/v7e-m/fpv4-sp/hard/libcr_c.a(setvbuf.o)
                0x0000000000000abc                setvbuf
 .text._sbrk    0x0000000000000afc       0x3c /usr/local/mcuxpressoide-10.2.0_759/ide/tools/bin/../lib/gcc/arm-none-eabi/7.2.1/../../../../arm-none-eabi/lib/thumb/v7e-m/fpv4-sp/hard/libcr_c.a(_cr_sbrk.o)
                0x0000000000000afc                _sbrk
 .text.fflush   0x0000000000000b38       0x44 /usr/local/mcuxpressoide-10.2.0_759/ide/tools/bin/../lib/gcc/arm-none-eabi/7.2.1/../../../../arm-none-eabi/lib/thumb/v7e-m/fpv4-sp/hard/libcr_c.a(fflush.o)
                0x0000000000000b38                fflush
 .text.__check_heap_overflow
                0x0000000000000b7c       0x18 /usr/local/mcuxpressoide-10.2.0_759/ide/tools/bin/../lib/gcc/arm-none-eabi/7.2.1/../../../../arm-none-eabi/lib/thumb/v7e-m/fpv4-sp/hard/libcr_c.a(_cr_check_heap.o)
                0x0000000000000b7c                __check_heap_overflow
 .text.DMA0_DMA16_IRQHandler
                0x0000000000000b94        0x8 ./startup/startup_mk82f25615.o
                0x0000000000000b94                DMA0_DMA16_IRQHandler
 .text.DMA1_DMA17_IRQHandler
                0x0000000000000b9c        0x8 ./startup/startup_mk82f25615.o
                0x0000000000000b9c                DMA1_DMA17_IRQHandler
 .text.DMA2_DMA18_IRQHandler
                0x0000000000000ba4        0x8 ./startup/startup_mk82f25615.o
                0x0000000000000ba4                DMA2_DMA18_IRQHandler
 .text.DMA3_DMA19_IRQHandler
                0x0000000000000bac        0x8 ./startup/startup_mk82f25615.o
                0x0000000000000bac                DMA3_DMA19_IRQHandler
 .text.DMA4_DMA20_IRQHandler
                0x0000000000000bb4        0x8 ./startup/startup_mk82f25615.o
                0x0000000000000bb4                DMA4_DMA20_IRQHandler
 .text.DMA5_DMA21_IRQHandler
                0x0000000000000bbc        0x8 ./startup/startup_mk82f25615.o
                0x0000000000000bbc                DMA5_DMA21_IRQHandler
 .text.DMA6_DMA22_IRQHandler
                0x0000000000000bc4        0x8 ./startup/startup_mk82f25615.o
                0x0000000000000bc4                DMA6_DMA22_IRQHandler
 .text.DMA7_DMA23_IRQHandler
                0x0000000000000bcc        0x8 ./startup/startup_mk82f25615.o
                0x0000000000000bcc                DMA7_DMA23_IRQHandler
 .text.DMA8_DMA24_IRQHandler
                0x0000000000000bd4        0x8 ./startup/startup_mk82f25615.o
                0x0000000000000bd4                DMA8_DMA24_IRQHandler
 .text.DMA9_DMA25_IRQHandler
                0x0000000000000bdc        0x8 ./startup/startup_mk82f25615.o
                0x0000000000000bdc                DMA9_DMA25_IRQHandler
 .text.DMA10_DMA26_IRQHandler
                0x0000000000000be4        0x8 ./startup/startup_mk82f25615.o
                0x0000000000000be4                DMA10_DMA26_IRQHandler
 .text.DMA11_DMA27_IRQHandler
                0x0000000000000bec        0x8 ./startup/startup_mk82f25615.o
                0x0000000000000bec                DMA11_DMA27_IRQHandler
 .text.DMA12_DMA28_IRQHandler
                0x0000000000000bf4        0x8 ./startup/startup_mk82f25615.o
                0x0000000000000bf4                DMA12_DMA28_IRQHandler
 .text.DMA13_DMA29_IRQHandler
                0x0000000000000bfc        0x8 ./startup/startup_mk82f25615.o
                0x0000000000000bfc                DMA13_DMA29_IRQHandler
 .text.DMA14_DMA30_IRQHandler
                0x0000000000000c04        0x8 ./startup/startup_mk82f25615.o
                0x0000000000000c04                DMA14_DMA30_IRQHandler
 .text.DMA15_DMA31_IRQHandler
                0x0000000000000c0c        0x8 ./startup/startup_mk82f25615.o
                0x0000000000000c0c                DMA15_DMA31_IRQHandler
 .text.DMA_Error_IRQHandler
                0x0000000000000c14        0x8 ./startup/startup_mk82f25615.o
                0x0000000000000c14                DMA_Error_IRQHandler
 .text.MCM_IRQHandler
                0x0000000000000c1c        0x8 ./startup/startup_mk82f25615.o
                0x0000000000000c1c                MCM_IRQHandler
 .text.FTFA_IRQHandler
                0x0000000000000c24        0x8 ./startup/startup_mk82f25615.o
                0x0000000000000c24                FTFA_IRQHandler
 .text.Read_Collision_IRQHandler
                0x0000000000000c2c        0x8 ./startup/startup_mk82f25615.o
                0x0000000000000c2c                Read_Collision_IRQHandler
 .text.LVD_LVW_IRQHandler
                0x0000000000000c34        0x8 ./startup/startup_mk82f25615.o
                0x0000000000000c34                LVD_LVW_IRQHandler
 .text.LLWU_IRQHandler
                0x0000000000000c3c        0x8 ./startup/startup_mk82f25615.o
                0x0000000000000c3c                LLWU_IRQHandler
 .text.WDOG_EWM_IRQHandler
                0x0000000000000c44        0x8 ./startup/startup_mk82f25615.o
                0x0000000000000c44                WDOG_EWM_IRQHandler
 .text.TRNG0_IRQHandler
                0x0000000000000c4c        0x8 ./startup/startup_mk82f25615.o
                0x0000000000000c4c                TRNG0_IRQHandler
 .text.I2C0_IRQHandler
                0x0000000000000c54        0x8 ./startup/startup_mk82f25615.o
                0x0000000000000c54                I2C0_IRQHandler
 .text.I2C1_IRQHandler
                0x0000000000000c5c        0x8 ./startup/startup_mk82f25615.o
                0x0000000000000c5c                I2C1_IRQHandler
 .text.SPI0_IRQHandler
                0x0000000000000c64        0x8 ./startup/startup_mk82f25615.o
                0x0000000000000c64                SPI0_IRQHandler
 .text.SPI1_IRQHandler
                0x0000000000000c6c        0x8 ./startup/startup_mk82f25615.o
                0x0000000000000c6c                SPI1_IRQHandler
 .text.I2S0_Tx_IRQHandler
                0x0000000000000c74        0x8 ./startup/startup_mk82f25615.o
                0x0000000000000c74                I2S0_Tx_IRQHandler
 .text.I2S0_Rx_IRQHandler
                0x0000000000000c7c        0x8 ./startup/startup_mk82f25615.o
                0x0000000000000c7c                I2S0_Rx_IRQHandler
 .text.LPUART0_IRQHandler
                0x0000000000000c84        0x8 ./startup/startup_mk82f25615.o
                0x0000000000000c84                LPUART0_IRQHandler
 .text.LPUART1_IRQHandler
                0x0000000000000c8c        0x8 ./startup/startup_mk82f25615.o
                0x0000000000000c8c                LPUART1_IRQHandler
 .text.LPUART2_IRQHandler
                0x0000000000000c94        0x8 ./startup/startup_mk82f25615.o
                0x0000000000000c94                LPUART2_IRQHandler
 .text.LPUART3_IRQHandler
                0x0000000000000c9c        0x8 ./startup/startup_mk82f25615.o
                0x0000000000000c9c                LPUART3_IRQHandler
 .text.LPUART4_IRQHandler
                0x0000000000000ca4        0x8 ./startup/startup_mk82f25615.o
                0x0000000000000ca4                LPUART4_IRQHandler
 .text.Reserved51_IRQHandler
                0x0000000000000cac        0x8 ./startup/startup_mk82f25615.o
                0x0000000000000cac                Reserved51_IRQHandler
 .text.Reserved52_IRQHandler
                0x0000000000000cb4        0x8 ./startup/startup_mk82f25615.o
                0x0000000000000cb4                Reserved52_IRQHandler
 .text.EMVSIM0_IRQHandler
                0x0000000000000cbc        0x8 ./startup/startup_mk82f25615.o
                0x0000000000000cbc                EMVSIM0_IRQHandler
 .text.EMVSIM1_IRQHandler
                0x0000000000000cc4        0x8 ./startup/startup_mk82f25615.o
                0x0000000000000cc4                EMVSIM1_IRQHandler
 .text.ADC0_IRQHandler
                0x0000000000000ccc        0x8 ./startup/startup_mk82f25615.o
                0x0000000000000ccc                ADC0_IRQHandler
 .text.CMP0_IRQHandler
                0x0000000000000cd4        0x8 ./startup/startup_mk82f25615.o
                0x0000000000000cd4                CMP0_IRQHandler
 .text.CMP1_IRQHandler
                0x0000000000000cdc        0x8 ./startup/startup_mk82f25615.o
                0x0000000000000cdc                CMP1_IRQHandler
 .text.FTM0_IRQHandler
                0x0000000000000ce4        0x8 ./startup/startup_mk82f25615.o
                0x0000000000000ce4                FTM0_IRQHandler
 .text.FTM1_IRQHandler
                0x0000000000000cec        0x8 ./startup/startup_mk82f25615.o
                0x0000000000000cec                FTM1_IRQHandler
 .text.FTM2_IRQHandler
                0x0000000000000cf4        0x8 ./startup/startup_mk82f25615.o
                0x0000000000000cf4                FTM2_IRQHandler
 .text.CMT_IRQHandler
                0x0000000000000cfc        0x8 ./startup/startup_mk82f25615.o
                0x0000000000000cfc                CMT_IRQHandler
 .text.RTC_IRQHandler
                0x0000000000000d04        0x8 ./startup/startup_mk82f25615.o
                0x0000000000000d04                RTC_IRQHandler
 .text.RTC_Seconds_IRQHandler
                0x0000000000000d0c        0x8 ./startup/startup_mk82f25615.o
                0x0000000000000d0c                RTC_Seconds_IRQHandler
 .text.PIT0CH0_IRQHandler
                0x0000000000000d14        0x8 ./startup/startup_mk82f25615.o
                0x0000000000000d14                PIT0CH0_IRQHandler
 .text.PIT0CH1_IRQHandler
                0x0000000000000d1c        0x8 ./startup/startup_mk82f25615.o
                0x0000000000000d1c                PIT0CH1_IRQHandler
 .text.PIT0CH2_IRQHandler
                0x0000000000000d24        0x8 ./startup/startup_mk82f25615.o
                0x0000000000000d24                PIT0CH2_IRQHandler
 .text.PIT0CH3_IRQHandler
                0x0000000000000d2c        0x8 ./startup/startup_mk82f25615.o
                0x0000000000000d2c                PIT0CH3_IRQHandler
 .text.PDB0_IRQHandler
                0x0000000000000d34        0x8 ./startup/startup_mk82f25615.o
                0x0000000000000d34                PDB0_IRQHandler
 .text.USB0_IRQHandler
                0x0000000000000d3c        0x8 ./startup/startup_mk82f25615.o
                0x0000000000000d3c                USB0_IRQHandler
 .text.USBDCD_IRQHandler
                0x0000000000000d44        0x8 ./startup/startup_mk82f25615.o
                0x0000000000000d44                USBDCD_IRQHandler
 .text.Reserved71_IRQHandler
                0x0000000000000d4c        0x8 ./startup/startup_mk82f25615.o
                0x0000000000000d4c                Reserved71_IRQHandler
 .text.DAC0_IRQHandler
                0x0000000000000d54        0x8 ./startup/startup_mk82f25615.o
                0x0000000000000d54                DAC0_IRQHandler
 .text.MCG_IRQHandler
                0x0000000000000d5c        0x8 ./startup/startup_mk82f25615.o
                0x0000000000000d5c                MCG_IRQHandler
 .text.LPTMR0_LPTMR1_IRQHandler
                0x0000000000000d64        0x8 ./startup/startup_mk82f25615.o
                0x0000000000000d64                LPTMR0_LPTMR1_IRQHandler
 .text.PORTA_IRQHandler
                0x0000000000000d6c        0x8 ./startup/startup_mk82f25615.o
                0x0000000000000d6c                PORTA_IRQHandler
 .text.PORTB_IRQHandler
                0x0000000000000d74        0x8 ./startup/startup_mk82f25615.o
                0x0000000000000d74                PORTB_IRQHandler
 .text.PORTC_IRQHandler
                0x0000000000000d7c        0x8 ./startup/startup_mk82f25615.o
                0x0000000000000d7c                PORTC_IRQHandler
 .text.PORTD_IRQHandler
                0x0000000000000d84        0x8 ./startup/startup_mk82f25615.o
                0x0000000000000d84                PORTD_IRQHandler
 .text.PORTE_IRQHandler
                0x0000000000000d8c        0x8 ./startup/startup_mk82f25615.o
                0x0000000000000d8c                PORTE_IRQHandler
 .text.SWI_IRQHandler
                0x0000000000000d94        0x8 ./startup/startup_mk82f25615.o
                0x0000000000000d94                SWI_IRQHandler
 .text.SPI2_IRQHandler
                0x0000000000000d9c        0x8 ./startup/startup_mk82f25615.o
                0x0000000000000d9c                SPI2_IRQHandler
 .text.Reserved82_IRQHandler
                0x0000000000000da4        0x8 ./startup/startup_mk82f25615.o
                0x0000000000000da4                Reserved82_IRQHandler
 .text.Reserved83_IRQHandler
                0x0000000000000dac        0x8 ./startup/startup_mk82f25615.o
                0x0000000000000dac                Reserved83_IRQHandler
 .text.Reserved84_IRQHandler
                0x0000000000000db4        0x8 ./startup/startup_mk82f25615.o
                0x0000000000000db4                Reserved84_IRQHandler
 .text.Reserved85_IRQHandler
                0x0000000000000dbc        0x8 ./startup/startup_mk82f25615.o
                0x0000000000000dbc                Reserved85_IRQHandler
 .text.FLEXIO0_IRQHandler
                0x0000000000000dc4        0x8 ./startup/startup_mk82f25615.o
                0x0000000000000dc4                FLEXIO0_IRQHandler
 .text.FTM3_IRQHandler
                0x0000000000000dcc        0x8 ./startup/startup_mk82f25615.o
                0x0000000000000dcc                FTM3_IRQHandler
 .text.Reserved88_IRQHandler
                0x0000000000000dd4        0x8 ./startup/startup_mk82f25615.o
                0x0000000000000dd4                Reserved88_IRQHandler
 .text.Reserved89_IRQHandler
                0x0000000000000ddc        0x8 ./startup/startup_mk82f25615.o
                0x0000000000000ddc                Reserved89_IRQHandler
 .text.I2C2_IRQHandler
                0x0000000000000de4        0x8 ./startup/startup_mk82f25615.o
                0x0000000000000de4                I2C2_IRQHandler
 .text.Reserved91_IRQHandler
                0x0000000000000dec        0x8 ./startup/startup_mk82f25615.o
                0x0000000000000dec                Reserved91_IRQHandler
 .text.Reserved92_IRQHandler
                0x0000000000000df4        0x8 ./startup/startup_mk82f25615.o
                0x0000000000000df4                Reserved92_IRQHandler
 .text.Reserved93_IRQHandler
                0x0000000000000dfc        0x8 ./startup/startup_mk82f25615.o
                0x0000000000000dfc                Reserved93_IRQHandler
 .text.Reserved94_IRQHandler
                0x0000000000000e04        0x8 ./startup/startup_mk82f25615.o
                0x0000000000000e04                Reserved94_IRQHandler
 .text.Reserved95_IRQHandler
                0x0000000000000e0c        0x8 ./startup/startup_mk82f25615.o
                0x0000000000000e0c                Reserved95_IRQHandler
 .text.Reserved96_IRQHandler
                0x0000000000000e14        0x8 ./startup/startup_mk82f25615.o
                0x0000000000000e14                Reserved96_IRQHandler
 .text.SDHC_IRQHandler
                0x0000000000000e1c        0x8 ./startup/startup_mk82f25615.o
                0x0000000000000e1c                SDHC_IRQHandler
 .text.Reserved98_IRQHandler
                0x0000000000000e24        0x8 ./startup/startup_mk82f25615.o
                0x0000000000000e24                Reserved98_IRQHandler
 .text.Reserved99_IRQHandler
                0x0000000000000e2c        0x8 ./startup/startup_mk82f25615.o
                0x0000000000000e2c                Reserved99_IRQHandler
 .text.Reserved100_IRQHandler
                0x0000000000000e34        0x8 ./startup/startup_mk82f25615.o
                0x0000000000000e34                Reserved100_IRQHandler
 .text.Reserved101_IRQHandler
                0x0000000000000e3c        0x8 ./startup/startup_mk82f25615.o
                0x0000000000000e3c                Reserved101_IRQHandler
 .text.Reserved102_IRQHandler
                0x0000000000000e44        0x8 ./startup/startup_mk82f25615.o
                0x0000000000000e44                Reserved102_IRQHandler
 .text.TSI0_IRQHandler
                0x0000000000000e4c        0x8 ./startup/startup_mk82f25615.o
                0x0000000000000e4c                TSI0_IRQHandler
 .text.TPM1_IRQHandler
                0x0000000000000e54        0x8 ./startup/startup_mk82f25615.o
                0x0000000000000e54                TPM1_IRQHandler
 .text.TPM2_IRQHandler
                0x0000000000000e5c        0x8 ./startup/startup_mk82f25615.o
                0x0000000000000e5c                TPM2_IRQHandler
 .text.Reserved106_IRQHandler
                0x0000000000000e64        0x8 ./startup/startup_mk82f25615.o
                0x0000000000000e64                Reserved106_IRQHandler
 .text.I2C3_IRQHandler
                0x0000000000000e6c        0x8 ./startup/startup_mk82f25615.o
                0x0000000000000e6c                I2C3_IRQHandler
 .text.Reserved108_IRQHandler
                0x0000000000000e74        0x8 ./startup/startup_mk82f25615.o
                0x0000000000000e74                Reserved108_IRQHandler
 .text.Reserved109_IRQHandler
                0x0000000000000e7c        0x8 ./startup/startup_mk82f25615.o
                0x0000000000000e7c                Reserved109_IRQHandler
 .text.Reserved110_IRQHandler
                0x0000000000000e84        0x8 ./startup/startup_mk82f25615.o
                0x0000000000000e84                Reserved110_IRQHandler
 .text.Reserved111_IRQHandler
                0x0000000000000e8c        0x8 ./startup/startup_mk82f25615.o
                0x0000000000000e8c                Reserved111_IRQHandler
 .text.Reserved112_IRQHandler
                0x0000000000000e94        0x8 ./startup/startup_mk82f25615.o
                0x0000000000000e94                Reserved112_IRQHandler
 .text.Reserved113_IRQHandler
                0x0000000000000e9c        0x8 ./startup/startup_mk82f25615.o
                0x0000000000000e9c                Reserved113_IRQHandler
 .text.Reserved114_IRQHandler
                0x0000000000000ea4        0x8 ./startup/startup_mk82f25615.o
                0x0000000000000ea4                Reserved114_IRQHandler
 .text.Reserved115_IRQHandler
                0x0000000000000eac        0x8 ./startup/startup_mk82f25615.o
                0x0000000000000eac                Reserved115_IRQHandler
 .text.QuadSPI0_IRQHandler
                0x0000000000000eb4        0x8 ./startup/startup_mk82f25615.o
                0x0000000000000eb4                QuadSPI0_IRQHandler
 .text.Reserved117_IRQHandler
                0x0000000000000ebc        0x8 ./startup/startup_mk82f25615.o
                0x0000000000000ebc                Reserved117_IRQHandler
 .text.Reserved118_IRQHandler
                0x0000000000000ec4        0x8 ./startup/startup_mk82f25615.o
                0x0000000000000ec4                Reserved118_IRQHandler
 .text.Reserved119_IRQHandler
                0x0000000000000ecc        0x8 ./startup/startup_mk82f25615.o
                0x0000000000000ecc                Reserved119_IRQHandler
 .text.LTC0_IRQHandler
                0x0000000000000ed4        0x8 ./startup/startup_mk82f25615.o
                0x0000000000000ed4                LTC0_IRQHandler
 .text.HardFault_Handler
                0x0000000000000edc       0x2c ./source/semihost_hardfault.o
                0x0000000000000edc                HardFault_Handler
 .text.GPIO_PinWrite
                0x0000000000000f08       0x36 ./drivers/fsl_gpio.o
 .text.GPIO_WritePinOutput
                0x0000000000000f3e       0x22 ./drivers/fsl_gpio.o
 .text.CLOCK_EnableClock
                0x0000000000000f60       0x34 ./board/pin_mux.o
 .text.PORT_SetPinMux
                0x0000000000000f94       0x3a ./board/pin_mux.o
 .text.SystemInitHook
                0x0000000000000fce        0xe ./CMSIS/system_MK82F25615.o
                0x0000000000000fce                SystemInitHook
 .text.__main   0x0000000000000fdc        0xe /usr/local/mcuxpressoide-10.2.0_759/ide/tools/bin/../lib/gcc/arm-none-eabi/7.2.1/../../../../arm-none-eabi/lib/thumb/v7e-m/fpv4-sp/hard/libcr_semihost_nf.a(_cr__main.o)
                0x0000000000000fdc                __main
                0x0000000000000fdc                __CR_SEMIHOST
 .text.memset   0x0000000000000fea        0x4 /usr/local/mcuxpressoide-10.2.0_759/ide/tools/bin/../lib/gcc/arm-none-eabi/7.2.1/../../../../arm-none-eabi/lib/thumb/v7e-m/fpv4-sp/hard/libcr_c.a(memset.o)
                0x0000000000000fea                memset
 .text._deferredlazyseek
                0x0000000000000fee       0x40 /usr/local/mcuxpressoide-10.2.0_759/ide/tools/bin/../lib/gcc/arm-none-eabi/7.2.1/../../../../arm-none-eabi/lib/thumb/v7e-m/fpv4-sp/hard/libcr_c.a(_deferredlazyseek.o)
                0x0000000000000fee                _deferredlazyseek
 .text.__flsbuf
                0x000000000000102e      0x140 /usr/local/mcuxpressoide-10.2.0_759/ide/tools/bin/../lib/gcc/arm-none-eabi/7.2.1/../../../../arm-none-eabi/lib/thumb/v7e-m/fpv4-sp/hard/libcr_c.a(_deferredlazyseek.o)
                0x000000000000102e                __flsbuf
 .text._fflush  0x000000000000116e       0x52 /usr/local/mcuxpressoide-10.2.0_759/ide/tools/bin/../lib/gcc/arm-none-eabi/7.2.1/../../../../arm-none-eabi/lib/thumb/v7e-m/fpv4-sp/hard/libcr_c.a(_fflush.o)
                0x000000000000116e                _fflush
 .text.free     0x00000000000011c0       0x30 /usr/local/mcuxpressoide-10.2.0_759/ide/tools/bin/../lib/gcc/arm-none-eabi/7.2.1/../../../../arm-none-eabi/lib/thumb/v7e-m/fpv4-sp/hard/libcr_c.a(alloc.o)
                0x00000000000011c0                free
 .text.fputs    0x00000000000011f0       0x2c /usr/local/mcuxpressoide-10.2.0_759/ide/tools/bin/../lib/gcc/arm-none-eabi/7.2.1/../../../../arm-none-eabi/lib/thumb/v7e-m/fpv4-sp/hard/libcr_c.a(fputs.o)
                0x00000000000011f0                fputs
 .text.strlen   0x000000000000121c       0x4a /usr/local/mcuxpressoide-10.2.0_759/ide/tools/bin/../lib/gcc/arm-none-eabi/7.2.1/../../../../arm-none-eabi/lib/thumb/v7e-m/fpv4-sp/hard/libcr_c.a(strlen.o)
                0x000000000000121c                strlen
 .text._fdopen  0x0000000000001266       0x68 /usr/local/mcuxpressoide-10.2.0_759/ide/tools/bin/../lib/gcc/arm-none-eabi/7.2.1/../../../../arm-none-eabi/lib/thumb/v7e-m/fpv4-sp/hard/libcr_c.a(_fdopen.o)
                0x0000000000001266                _fdopen
 .text.fclose   0x00000000000012ce       0x58 /usr/local/mcuxpressoide-10.2.0_759/ide/tools/bin/../lib/gcc/arm-none-eabi/7.2.1/../../../../arm-none-eabi/lib/thumb/v7e-m/fpv4-sp/hard/libcr_c.a(fclose.o)
                0x00000000000012ce                fclose
 .text.remove   0x0000000000001326       0x14 /usr/local/mcuxpressoide-10.2.0_759/ide/tools/bin/../lib/gcc/arm-none-eabi/7.2.1/../../../../arm-none-eabi/lib/thumb/v7e-m/fpv4-sp/hard/libcr_c.a(remove.o)
                0x0000000000001326                remove
 .text._do_fflush
                0x000000000000133a       0x40 /usr/local/mcuxpressoide-10.2.0_759/ide/tools/bin/../lib/gcc/arm-none-eabi/7.2.1/../../../../arm-none-eabi/lib/thumb/v7e-m/fpv4-sp/hard/libcr_c.a(_do_fflush.o)
                0x000000000000133a                _do_fflush
 .text.__aeabi_memset_lowlevel
                0x000000000000137a       0x32 /usr/local/mcuxpressoide-10.2.0_759/ide/tools/bin/../lib/gcc/arm-none-eabi/7.2.1/thumb/v7e-m/fpv4-sp/hard/libcr_eabihelpers.a(memcpy.o)
                0x000000000000137a                __aeabi_lowlevel_memset
 .text.__sys_close
                0x00000000000013ac        0xc /usr/local/mcuxpressoide-10.2.0_759/ide/tools/bin/../lib/gcc/arm-none-eabi/7.2.1/../../../../arm-none-eabi/lib/thumb/v7e-m/fpv4-sp/hard/libcr_semihost_nf.a(__sys_close.o)
                0x00000000000013ac                __sys_close
 .text.__sys_flen
                0x00000000000013b8        0xc /usr/local/mcuxpressoide-10.2.0_759/ide/tools/bin/../lib/gcc/arm-none-eabi/7.2.1/../../../../arm-none-eabi/lib/thumb/v7e-m/fpv4-sp/hard/libcr_semihost_nf.a(__sys_flen.o)
                0x00000000000013b8                __sys_flen
 .text.__sys_istty
                0x00000000000013c4        0xc /usr/local/mcuxpressoide-10.2.0_759/ide/tools/bin/../lib/gcc/arm-none-eabi/7.2.1/../../../../arm-none-eabi/lib/thumb/v7e-m/fpv4-sp/hard/libcr_semihost_nf.a(__sys_istty.o)
                0x00000000000013c4                __sys_istty
 .text.__sys_remove
                0x00000000000013d0        0xc /usr/local/mcuxpressoide-10.2.0_759/ide/tools/bin/../lib/gcc/arm-none-eabi/7.2.1/../../../../arm-none-eabi/lib/thumb/v7e-m/fpv4-sp/hard/libcr_semihost_nf.a(__sys_remove.o)
                0x00000000000013d0                __sys_remove
 .text.__sys_seek
                0x00000000000013dc        0xc /usr/local/mcuxpressoide-10.2.0_759/ide/tools/bin/../lib/gcc/arm-none-eabi/7.2.1/../../../../arm-none-eabi/lib/thumb/v7e-m/fpv4-sp/hard/libcr_semihost_nf.a(__sys_seek.o)
                0x00000000000013dc                __sys_seek
 .text.__sys_tmpnam
                0x00000000000013e8        0xc /usr/local/mcuxpressoide-10.2.0_759/ide/tools/bin/../lib/gcc/arm-none-eabi/7.2.1/../../../../arm-none-eabi/lib/thumb/v7e-m/fpv4-sp/hard/libcr_semihost_nf.a(__sys_tmpnam.o)
                0x00000000000013e8                __sys_tmpnam
 .text.__sys_write
                0x00000000000013f4        0xc /usr/local/mcuxpressoide-10.2.0_759/ide/tools/bin/../lib/gcc/arm-none-eabi/7.2.1/../../../../arm-none-eabi/lib/thumb/v7e-m/fpv4-sp/hard/libcr_semihost_nf.a(__sys_write.o)
                0x00000000000013f4                __sys_write
 *(SORT_BY_ALIGNMENT(.rodata) SORT_BY_ALIGNMENT(.rodata.*) SORT_BY_ALIGNMENT(.constdata) SORT_BY_ALIGNMENT(.constdata.*))
 .rodata        0x0000000000001400       0x63 ./drivers/fsl_gpio.o
 *fill*         0x0000000000001463        0x1 ff
 .rodata.__num_Ciob_streams
                0x0000000000001464        0x4 /usr/local/mcuxpressoide-10.2.0_759/ide/tools/bin/../lib/gcc/arm-none-eabi/7.2.1/../../../../arm-none-eabi/lib/thumb/v7e-m/fpv4-sp/hard/libcr_semihost_nf.a(__ciob.o)
                0x0000000000001464                __num_Ciob_streams
 .rodata.__assertion_failed.str1.1
                0x0000000000001468       0x15 /usr/local/mcuxpressoide-10.2.0_759/ide/tools/bin/../lib/gcc/arm-none-eabi/7.2.1/../../../../arm-none-eabi/lib/thumb/v7e-m/fpv4-sp/hard/libcr_semihost_nf.a(_cr_assert.o)
 .rodata._Csys_alloc.str1.1
                0x000000000000147d       0x18 /usr/local/mcuxpressoide-10.2.0_759/ide/tools/bin/../lib/gcc/arm-none-eabi/7.2.1/../../../../arm-none-eabi/lib/thumb/v7e-m/fpv4-sp/hard/libcr_c.a(alloc.o)
 .rodata._initio.str1.1
                0x0000000000001495        0x4 /usr/local/mcuxpressoide-10.2.0_759/ide/tools/bin/../lib/gcc/arm-none-eabi/7.2.1/../../../../arm-none-eabi/lib/thumb/v7e-m/fpv4-sp/hard/libcr_c.a(initio.o)
                0x000000000000149c                . = ALIGN (0x4)
 *fill*         0x0000000000001499        0x3 ff

.glue_7         0x000000000000149c        0x0
 .glue_7        0x000000000000149c        0x0 linker stubs

.glue_7t        0x000000000000149c        0x0
 .glue_7t       0x000000000000149c        0x0 linker stubs

.vfp11_veneer   0x000000000000149c        0x0
 .vfp11_veneer  0x000000000000149c        0x0 linker stubs

.v4_bx          0x000000000000149c        0x0
 .v4_bx         0x000000000000149c        0x0 linker stubs

.iplt           0x000000000000149c        0x0
 .iplt          0x000000000000149c        0x0 ./startup/startup_mk82f25615.o

.rel.dyn        0x000000000000149c        0x0
 .rel.iplt      0x000000000000149c        0x0 ./startup/startup_mk82f25615.o

.ARM.extab
 *(SORT_BY_ALIGNMENT(.ARM.extab*) SORT_BY_ALIGNMENT(.gnu.linkonce.armextab.*))
                0x000000000000149c                __exidx_start = .

.ARM.exidx
 *(SORT_BY_ALIGNMENT(.ARM.exidx*) SORT_BY_ALIGNMENT(.gnu.linkonce.armexidx.*))
                0x000000000000149c                __exidx_end = .
                0x000000000000149c                _etext = .

.m_usb_data
 *(SORT_BY_ALIGNMENT(m_usb_bdt))

.data_RAM2      0x000000001fff0000        0x0 load address 0x000000000000149c
 FILL mask 0xff
                [!provide]                        PROVIDE (__start_data_RAM2, .)
 *(SORT_BY_ALIGNMENT(.ramfunc.$RAM2))
 *(SORT_BY_ALIGNMENT(.ramfunc.$SRAM_LOWER))
 *(SORT_BY_ALIGNMENT(NonCacheable.init))
 *(SORT_BY_ALIGNMENT(.data.$RAM2*))
 *(SORT_BY_ALIGNMENT(.data.$SRAM_LOWER*))
                0x000000001fff0000                . = ALIGN (0x4)
                [!provide]                        PROVIDE (__end_data_RAM2, .)

.uninit_RESERVED
                0x0000000020000000        0x0
 *(SORT_BY_ALIGNMENT(.bss.$RESERVED*))
                0x0000000020000000                . = ALIGN (0x4)
                0x0000000020000000                _end_uninit_RESERVED = .

.data           0x0000000020000000        0x4 load address 0x000000000000149c
 FILL mask 0xff
                0x0000000020000000                _data = .
 *(SORT_BY_ALIGNMENT(vtable))
 *(SORT_BY_ALIGNMENT(.ramfunc*))
 *(SORT_BY_ALIGNMENT(.data*))
 .data.SystemCoreClock
                0x0000000020000000        0x4 ./CMSIS/system_MK82F25615.o
                0x0000000020000000                SystemCoreClock
                0x0000000020000004                . = ALIGN (0x4)
                0x0000000020000004                _edata = .

.igot.plt       0x0000000020000004        0x0 load address 0x00000000000014a0
 .igot.plt      0x0000000020000004        0x0 ./startup/startup_mk82f25615.o

.bss_RAM2       0x000000001fff0000        0x0
                [!provide]                        PROVIDE (__start_bss_RAM2, .)
 *(SORT_BY_ALIGNMENT(NonCacheable))
 *(SORT_BY_ALIGNMENT(.bss.$RAM2*))
 *(SORT_BY_ALIGNMENT(.bss.$SRAM_LOWER*))
                0x000000001fff0000                . = ALIGN ((. != 0x0)?0x4:0x1)
                [!provide]                        PROVIDE (__end_bss_RAM2, .)

.bss            0x0000000020000004       0xdc
                0x0000000020000004                _bss = .
 *(SORT_BY_ALIGNMENT(.bss*))
 .bss.g_systickCounter
                0x0000000020000004        0x4 ./source/led_blinky_loop.o
                0x0000000020000004                g_systickCounter
 .bss.s_lpuartHandle
                0x0000000020000008       0x14 ./drivers/fsl_lpuart.o
 .bss.s_lpuartIsr
                0x000000002000001c        0x4 ./drivers/fsl_lpuart.o
 .bss.__Ciob    0x0000000020000020       0xb4 /usr/local/mcuxpressoide-10.2.0_759/ide/tools/bin/../lib/gcc/arm-none-eabi/7.2.1/../../../../arm-none-eabi/lib/thumb/v7e-m/fpv4-sp/hard/libcr_semihost_nf.a(__ciob.o)
                0x0000000020000020                __Ciob
 .bss.__end_of_heap
                0x00000000200000d4        0x4 /usr/local/mcuxpressoide-10.2.0_759/ide/tools/bin/../lib/gcc/arm-none-eabi/7.2.1/../../../../arm-none-eabi/lib/thumb/v7e-m/fpv4-sp/hard/libcr_c.a(__init_alloc.o)
                0x00000000200000d4                __end_of_heap
 .bss.__heaps   0x00000000200000d8        0x4 /usr/local/mcuxpressoide-10.2.0_759/ide/tools/bin/../lib/gcc/arm-none-eabi/7.2.1/../../../../arm-none-eabi/lib/thumb/v7e-m/fpv4-sp/hard/libcr_c.a(__init_alloc.o)
                0x00000000200000d8                __heaps
 .bss.errno     0x00000000200000dc        0x4 /usr/local/mcuxpressoide-10.2.0_759/ide/tools/bin/../lib/gcc/arm-none-eabi/7.2.1/../../../../arm-none-eabi/lib/thumb/v7e-m/fpv4-sp/hard/libcr_c.a(errno.o)
                0x00000000200000dc                errno
 *(SORT_BY_ALIGNMENT(COMMON))
                0x00000000200000e0                . = ALIGN (0x4)
                0x00000000200000e0                _ebss = .
                [!provide]                        PROVIDE (end, .)

.noinit_RAM2    0x000000001fff0000        0x0
 *(SORT_BY_ALIGNMENT(.noinit.$RAM2*))
 *(SORT_BY_ALIGNMENT(.noinit.$SRAM_LOWER*))
                0x000000001fff0000                . = ALIGN (0x4)

.noinit         0x00000000200000e0        0x0
                0x00000000200000e0                _noinit = .
 *(SORT_BY_ALIGNMENT(.noinit*))
                0x00000000200000e0                . = ALIGN (0x4)
                0x00000000200000e0                _end_noinit = .
                0x0000000000001000                _HeapSize = 0x1000

.heap           0x00000000200000e0     0x1000
                0x00000000200000e0                _pvHeapStart = .
                0x00000000200010e0                . = (. + _HeapSize)
 *fill*         0x00000000200000e0     0x1000 
                0x00000000200010e0                . = ALIGN (0x4)
                0x00000000200010e0                _pvHeapLimit = .
                0x0000000000001000                _StackSize = 0x1000

.heap2stackfill
                0x00000000200010e0     0x1000
                0x00000000200020e0                . = (. + _StackSize)
 *fill*         0x00000000200010e0     0x1000 

.stack          0x000000002002f000        0x0
                0x000000002002f000                _vStackBase = .
                0x000000002002f000                . = ALIGN (0x4)
                0x0000000020030000                _vStackTop = (. + _StackSize)
                0x0000000000000000                _image_start = LOADADDR (.text)
                0x00000000000014a0                _image_end = (LOADADDR (.data) + SIZEOF (.data))
                0x00000000000014a0                _image_size = (_image_end - _image_start)
OUTPUT(frdmk82f_asm_loop.axf elf32-littlearm)

.debug_info     0x0000000000000000     0x4291
 .debug_info    0x0000000000000000      0xa02 ./startup/startup_mk82f25615.o
 .debug_info    0x0000000000000a02      0xd78 ./source/led_blinky_loop.o
 .debug_info    0x000000000000177a       0x37 ./source/semihost_hardfault.o
 .debug_info    0x00000000000017b1      0x616 ./drivers/fsl_gpio.o
 .debug_info    0x0000000000001dc7     0x19af ./drivers/fsl_lpuart.o
 .debug_info    0x0000000000003776      0x4d5 ./board/pin_mux.o
 .debug_info    0x0000000000003c4b      0x646 ./CMSIS/system_MK82F25615.o

.debug_abbrev   0x0000000000000000      0xad4
 .debug_abbrev  0x0000000000000000      0x159 ./startup/startup_mk82f25615.o
 .debug_abbrev  0x0000000000000159      0x21b ./source/led_blinky_loop.o
 .debug_abbrev  0x0000000000000374       0x2c ./source/semihost_hardfault.o
 .debug_abbrev  0x00000000000003a0      0x1ab ./drivers/fsl_gpio.o
 .debug_abbrev  0x000000000000054b      0x2ce ./drivers/fsl_lpuart.o
 .debug_abbrev  0x0000000000000819      0x16a ./board/pin_mux.o
 .debug_abbrev  0x0000000000000983      0x151 ./CMSIS/system_MK82F25615.o

.debug_aranges  0x0000000000000000      0x610
 .debug_aranges
                0x0000000000000000      0x3c8 ./startup/startup_mk82f25615.o
 .debug_aranges
                0x00000000000003c8       0x40 ./source/led_blinky_loop.o
 .debug_aranges
                0x0000000000000408       0x20 ./source/semihost_hardfault.o
 .debug_aranges
                0x0000000000000428       0x48 ./drivers/fsl_gpio.o
 .debug_aranges
                0x0000000000000470      0x138 ./drivers/fsl_lpuart.o
 .debug_aranges
                0x00000000000005a8       0x38 ./board/pin_mux.o
 .debug_aranges
                0x00000000000005e0       0x30 ./CMSIS/system_MK82F25615.o

.debug_ranges   0x0000000000000000      0x5a0
 .debug_ranges  0x0000000000000000      0x3b8 ./startup/startup_mk82f25615.o
 .debug_ranges  0x00000000000003b8       0x30 ./source/led_blinky_loop.o
 .debug_ranges  0x00000000000003e8       0x10 ./source/semihost_hardfault.o
 .debug_ranges  0x00000000000003f8       0x38 ./drivers/fsl_gpio.o
 .debug_ranges  0x0000000000000430      0x128 ./drivers/fsl_lpuart.o
 .debug_ranges  0x0000000000000558       0x28 ./board/pin_mux.o
 .debug_ranges  0x0000000000000580       0x20 ./CMSIS/system_MK82F25615.o

.debug_line     0x0000000000000000     0x1852
 .debug_line    0x0000000000000000      0x82d ./startup/startup_mk82f25615.o
 .debug_line    0x000000000000082d      0x23d ./source/led_blinky_loop.o
 .debug_line    0x0000000000000a6a       0x54 ./source/semihost_hardfault.o
 .debug_line    0x0000000000000abe      0x1dc ./drivers/fsl_gpio.o
 .debug_line    0x0000000000000c9a      0x88e ./drivers/fsl_lpuart.o
 .debug_line    0x0000000000001528      0x191 ./board/pin_mux.o
 .debug_line    0x00000000000016b9      0x199 ./CMSIS/system_MK82F25615.o

.debug_str      0x0000000000000000     0x34e1
 .debug_str     0x0000000000000000      0xaea ./startup/startup_mk82f25615.o
                                        0xb1c (size before relaxing)
 .debug_str     0x0000000000000aea     0x12b3 ./source/led_blinky_loop.o
                                       0x1441 (size before relaxing)
 .debug_str     0x0000000000001d9d       0x1f ./source/semihost_hardfault.o
                                        0x160 (size before relaxing)
 .debug_str     0x0000000000001dbc      0x109 ./drivers/fsl_gpio.o
                                        0x94c (size before relaxing)
 .debug_str     0x0000000000001ec5     0x1343 ./drivers/fsl_lpuart.o
                                       0x21e3 (size before relaxing)
 .debug_str     0x0000000000003208      0x14d ./board/pin_mux.o
                                        0x6c1 (size before relaxing)
 .debug_str     0x0000000000003355      0x18c ./CMSIS/system_MK82F25615.o
                                        0x41d (size before relaxing)

.comment        0x0000000000000000       0x7e
 .comment       0x0000000000000000       0x7e ./startup/startup_mk82f25615.o
                                         0x7f (size before relaxing)
 .comment       0x000000000000007e       0x7f ./source/led_blinky_loop.o
 .comment       0x000000000000007e       0x7f ./source/semihost_hardfault.o
 .comment       0x000000000000007e       0x7f ./drivers/fsl_gpio.o
 .comment       0x000000000000007e       0x7f ./drivers/fsl_lpuart.o
 .comment       0x000000000000007e       0x7f ./board/pin_mux.o
 .comment       0x000000000000007e       0x7f ./CMSIS/system_MK82F25615.o
 .comment       0x000000000000007e       0x7f /usr/local/mcuxpressoide-10.2.0_759/ide/tools/bin/../lib/gcc/arm-none-eabi/7.2.1/../../../../arm-none-eabi/lib/thumb/v7e-m/fpv4-sp/hard/libcr_semihost_nf.a(_cr__main.o)
 .comment       0x000000000000007e       0x7f /usr/local/mcuxpressoide-10.2.0_759/ide/tools/bin/../lib/gcc/arm-none-eabi/7.2.1/../../../../arm-none-eabi/lib/thumb/v7e-m/fpv4-sp/hard/libcr_semihost_nf.a(_cr_assert.o)
 .comment       0x000000000000007e       0x7f /usr/local/mcuxpressoide-10.2.0_759/ide/tools/bin/../lib/gcc/arm-none-eabi/7.2.1/../../../../arm-none-eabi/lib/thumb/v7e-m/fpv4-sp/hard/libcr_semihost_nf.a(__ciob.o)
 .comment       0x000000000000007e       0x7f /usr/local/mcuxpressoide-10.2.0_759/ide/tools/bin/../lib/gcc/arm-none-eabi/7.2.1/../../../../arm-none-eabi/lib/thumb/v7e-m/fpv4-sp/hard/libcr_c.a(memset.o)
 .comment       0x000000000000007e       0x7f /usr/local/mcuxpressoide-10.2.0_759/ide/tools/bin/../lib/gcc/arm-none-eabi/7.2.1/../../../../arm-none-eabi/lib/thumb/v7e-m/fpv4-sp/hard/libcr_c.a(_deferredlazyseek.o)
 .comment       0x000000000000007e       0x7f /usr/local/mcuxpressoide-10.2.0_759/ide/tools/bin/../lib/gcc/arm-none-eabi/7.2.1/../../../../arm-none-eabi/lib/thumb/v7e-m/fpv4-sp/hard/libcr_c.a(_fflush.o)
 .comment       0x000000000000007e       0x7f /usr/local/mcuxpressoide-10.2.0_759/ide/tools/bin/../lib/gcc/arm-none-eabi/7.2.1/../../../../arm-none-eabi/lib/thumb/v7e-m/fpv4-sp/hard/libcr_c.a(_writebuf.o)
 .comment       0x000000000000007e       0x7f /usr/local/mcuxpressoide-10.2.0_759/ide/tools/bin/../lib/gcc/arm-none-eabi/7.2.1/../../../../arm-none-eabi/lib/thumb/v7e-m/fpv4-sp/hard/libcr_c.a(alloc.o)
 .comment       0x000000000000007e       0x7f /usr/local/mcuxpressoide-10.2.0_759/ide/tools/bin/../lib/gcc/arm-none-eabi/7.2.1/../../../../arm-none-eabi/lib/thumb/v7e-m/fpv4-sp/hard/libcr_c.a(fputs.o)
 .comment       0x000000000000007e       0x7f /usr/local/mcuxpressoide-10.2.0_759/ide/tools/bin/../lib/gcc/arm-none-eabi/7.2.1/../../../../arm-none-eabi/lib/thumb/v7e-m/fpv4-sp/hard/libcr_c.a(fseek.o)
 .comment       0x000000000000007e       0x7f /usr/local/mcuxpressoide-10.2.0_759/ide/tools/bin/../lib/gcc/arm-none-eabi/7.2.1/../../../../arm-none-eabi/lib/thumb/v7e-m/fpv4-sp/hard/libcr_c.a(ftell.o)
 .comment       0x000000000000007e       0x7f /usr/local/mcuxpressoide-10.2.0_759/ide/tools/bin/../lib/gcc/arm-none-eabi/7.2.1/../../../../arm-none-eabi/lib/thumb/v7e-m/fpv4-sp/hard/libcr_c.a(initio.o)
 .comment       0x000000000000007e       0x7f /usr/local/mcuxpressoide-10.2.0_759/ide/tools/bin/../lib/gcc/arm-none-eabi/7.2.1/../../../../arm-none-eabi/lib/thumb/v7e-m/fpv4-sp/hard/libcr_c.a(setvbuf.o)
 .comment       0x000000000000007e       0x7f /usr/local/mcuxpressoide-10.2.0_759/ide/tools/bin/../lib/gcc/arm-none-eabi/7.2.1/../../../../arm-none-eabi/lib/thumb/v7e-m/fpv4-sp/hard/libcr_c.a(strlen.o)
 .comment       0x000000000000007e       0x7f /usr/local/mcuxpressoide-10.2.0_759/ide/tools/bin/../lib/gcc/arm-none-eabi/7.2.1/../../../../arm-none-eabi/lib/thumb/v7e-m/fpv4-sp/hard/libcr_c.a(__init_alloc.o)
 .comment       0x000000000000007e       0x7f /usr/local/mcuxpressoide-10.2.0_759/ide/tools/bin/../lib/gcc/arm-none-eabi/7.2.1/../../../../arm-none-eabi/lib/thumb/v7e-m/fpv4-sp/hard/libcr_c.a(_cr_sbrk.o)
 .comment       0x000000000000007e       0x7f /usr/local/mcuxpressoide-10.2.0_759/ide/tools/bin/../lib/gcc/arm-none-eabi/7.2.1/../../../../arm-none-eabi/lib/thumb/v7e-m/fpv4-sp/hard/libcr_c.a(_fdopen.o)
 .comment       0x000000000000007e       0x7f /usr/local/mcuxpressoide-10.2.0_759/ide/tools/bin/../lib/gcc/arm-none-eabi/7.2.1/../../../../arm-none-eabi/lib/thumb/v7e-m/fpv4-sp/hard/libcr_c.a(errno.o)
 .comment       0x000000000000007e       0x7f /usr/local/mcuxpressoide-10.2.0_759/ide/tools/bin/../lib/gcc/arm-none-eabi/7.2.1/../../../../arm-none-eabi/lib/thumb/v7e-m/fpv4-sp/hard/libcr_c.a(fclose.o)
 .comment       0x000000000000007e       0x7f /usr/local/mcuxpressoide-10.2.0_759/ide/tools/bin/../lib/gcc/arm-none-eabi/7.2.1/../../../../arm-none-eabi/lib/thumb/v7e-m/fpv4-sp/hard/libcr_c.a(fflush.o)
 .comment       0x000000000000007e       0x7f /usr/local/mcuxpressoide-10.2.0_759/ide/tools/bin/../lib/gcc/arm-none-eabi/7.2.1/../../../../arm-none-eabi/lib/thumb/v7e-m/fpv4-sp/hard/libcr_c.a(remove.o)
 .comment       0x000000000000007e       0x7f /usr/local/mcuxpressoide-10.2.0_759/ide/tools/bin/../lib/gcc/arm-none-eabi/7.2.1/../../../../arm-none-eabi/lib/thumb/v7e-m/fpv4-sp/hard/libcr_c.a(_cr_check_heap.o)
 .comment       0x000000000000007e       0x7f /usr/local/mcuxpressoide-10.2.0_759/ide/tools/bin/../lib/gcc/arm-none-eabi/7.2.1/../../../../arm-none-eabi/lib/thumb/v7e-m/fpv4-sp/hard/libcr_c.a(_do_fflush.o)

.ARM.attributes
                0x0000000000000000       0x37
 .ARM.attributes
                0x0000000000000000       0x39 ./startup/startup_mk82f25615.o
 .ARM.attributes
                0x0000000000000039       0x39 ./source/led_blinky_loop.o
 .ARM.attributes
                0x0000000000000072       0x39 ./source/semihost_hardfault.o
 .ARM.attributes
                0x00000000000000ab       0x39 ./drivers/fsl_gpio.o
 .ARM.attributes
                0x00000000000000e4       0x39 ./drivers/fsl_lpuart.o
 .ARM.attributes
                0x000000000000011d       0x39 ./board/pin_mux.o
 .ARM.attributes
                0x0000000000000156       0x39 ./CMSIS/system_MK82F25615.o
 .ARM.attributes
                0x000000000000018f       0x39 /usr/local/mcuxpressoide-10.2.0_759/ide/tools/bin/../lib/gcc/arm-none-eabi/7.2.1/../../../../arm-none-eabi/lib/thumb/v7e-m/fpv4-sp/hard/libcr_semihost_nf.a(_cr__main.o)
 .ARM.attributes
                0x00000000000001c8       0x39 /usr/local/mcuxpressoide-10.2.0_759/ide/tools/bin/../lib/gcc/arm-none-eabi/7.2.1/../../../../arm-none-eabi/lib/thumb/v7e-m/fpv4-sp/hard/libcr_semihost_nf.a(_cr_assert.o)
 .ARM.attributes
                0x0000000000000201       0x39 /usr/local/mcuxpressoide-10.2.0_759/ide/tools/bin/../lib/gcc/arm-none-eabi/7.2.1/../../../../arm-none-eabi/lib/thumb/v7e-m/fpv4-sp/hard/libcr_semihost_nf.a(__ciob.o)
 .ARM.attributes
                0x000000000000023a       0x25 /usr/local/mcuxpressoide-10.2.0_759/ide/tools/bin/../lib/gcc/arm-none-eabi/7.2.1/../../../../arm-none-eabi/lib/thumb/v7e-m/fpv4-sp/hard/libcr_semihost_nf.a(__sys_appexit.o)
 .ARM.attributes
                0x000000000000025f       0x39 /usr/local/mcuxpressoide-10.2.0_759/ide/tools/bin/../lib/gcc/arm-none-eabi/7.2.1/../../../../arm-none-eabi/lib/thumb/v7e-m/fpv4-sp/hard/libcr_c.a(memset.o)
 .ARM.attributes
                0x0000000000000298       0x39 /usr/local/mcuxpressoide-10.2.0_759/ide/tools/bin/../lib/gcc/arm-none-eabi/7.2.1/../../../../arm-none-eabi/lib/thumb/v7e-m/fpv4-sp/hard/libcr_c.a(_deferredlazyseek.o)
 .ARM.attributes
                0x00000000000002d1       0x39 /usr/local/mcuxpressoide-10.2.0_759/ide/tools/bin/../lib/gcc/arm-none-eabi/7.2.1/../../../../arm-none-eabi/lib/thumb/v7e-m/fpv4-sp/hard/libcr_c.a(_fflush.o)
 .ARM.attributes
                0x000000000000030a       0x39 /usr/local/mcuxpressoide-10.2.0_759/ide/tools/bin/../lib/gcc/arm-none-eabi/7.2.1/../../../../arm-none-eabi/lib/thumb/v7e-m/fpv4-sp/hard/libcr_c.a(_writebuf.o)
 .ARM.attributes
                0x0000000000000343       0x39 /usr/local/mcuxpressoide-10.2.0_759/ide/tools/bin/../lib/gcc/arm-none-eabi/7.2.1/../../../../arm-none-eabi/lib/thumb/v7e-m/fpv4-sp/hard/libcr_c.a(alloc.o)
 .ARM.attributes
                0x000000000000037c       0x39 /usr/local/mcuxpressoide-10.2.0_759/ide/tools/bin/../lib/gcc/arm-none-eabi/7.2.1/../../../../arm-none-eabi/lib/thumb/v7e-m/fpv4-sp/hard/libcr_c.a(fputs.o)
 .ARM.attributes
                0x00000000000003b5       0x39 /usr/local/mcuxpressoide-10.2.0_759/ide/tools/bin/../lib/gcc/arm-none-eabi/7.2.1/../../../../arm-none-eabi/lib/thumb/v7e-m/fpv4-sp/hard/libcr_c.a(fseek.o)
 .ARM.attributes
                0x00000000000003ee       0x39 /usr/local/mcuxpressoide-10.2.0_759/ide/tools/bin/../lib/gcc/arm-none-eabi/7.2.1/../../../../arm-none-eabi/lib/thumb/v7e-m/fpv4-sp/hard/libcr_c.a(ftell.o)
 .ARM.attributes
                0x0000000000000427       0x39 /usr/local/mcuxpressoide-10.2.0_759/ide/tools/bin/../lib/gcc/arm-none-eabi/7.2.1/../../../../arm-none-eabi/lib/thumb/v7e-m/fpv4-sp/hard/libcr_c.a(initio.o)
 .ARM.attributes
                0x0000000000000460       0x39 /usr/local/mcuxpressoide-10.2.0_759/ide/tools/bin/../lib/gcc/arm-none-eabi/7.2.1/../../../../arm-none-eabi/lib/thumb/v7e-m/fpv4-sp/hard/libcr_c.a(setvbuf.o)
 .ARM.attributes
                0x0000000000000499       0x39 /usr/local/mcuxpressoide-10.2.0_759/ide/tools/bin/../lib/gcc/arm-none-eabi/7.2.1/../../../../arm-none-eabi/lib/thumb/v7e-m/fpv4-sp/hard/libcr_c.a(strlen.o)
 .ARM.attributes
                0x00000000000004d2       0x39 /usr/local/mcuxpressoide-10.2.0_759/ide/tools/bin/../lib/gcc/arm-none-eabi/7.2.1/../../../../arm-none-eabi/lib/thumb/v7e-m/fpv4-sp/hard/libcr_c.a(__init_alloc.o)
 .ARM.attributes
                0x000000000000050b       0x39 /usr/local/mcuxpressoide-10.2.0_759/ide/tools/bin/../lib/gcc/arm-none-eabi/7.2.1/../../../../arm-none-eabi/lib/thumb/v7e-m/fpv4-sp/hard/libcr_c.a(_cr_sbrk.o)
 .ARM.attributes
                0x0000000000000544       0x39 /usr/local/mcuxpressoide-10.2.0_759/ide/tools/bin/../lib/gcc/arm-none-eabi/7.2.1/../../../../arm-none-eabi/lib/thumb/v7e-m/fpv4-sp/hard/libcr_c.a(_fdopen.o)
 .ARM.attributes
                0x000000000000057d       0x39 /usr/local/mcuxpressoide-10.2.0_759/ide/tools/bin/../lib/gcc/arm-none-eabi/7.2.1/../../../../arm-none-eabi/lib/thumb/v7e-m/fpv4-sp/hard/libcr_c.a(errno.o)
 .ARM.attributes
                0x00000000000005b6       0x39 /usr/local/mcuxpressoide-10.2.0_759/ide/tools/bin/../lib/gcc/arm-none-eabi/7.2.1/../../../../arm-none-eabi/lib/thumb/v7e-m/fpv4-sp/hard/libcr_c.a(fclose.o)
 .ARM.attributes
                0x00000000000005ef       0x39 /usr/local/mcuxpressoide-10.2.0_759/ide/tools/bin/../lib/gcc/arm-none-eabi/7.2.1/../../../../arm-none-eabi/lib/thumb/v7e-m/fpv4-sp/hard/libcr_c.a(fflush.o)
 .ARM.attributes
                0x0000000000000628       0x39 /usr/local/mcuxpressoide-10.2.0_759/ide/tools/bin/../lib/gcc/arm-none-eabi/7.2.1/../../../../arm-none-eabi/lib/thumb/v7e-m/fpv4-sp/hard/libcr_c.a(remove.o)
 .ARM.attributes
                0x0000000000000661       0x39 /usr/local/mcuxpressoide-10.2.0_759/ide/tools/bin/../lib/gcc/arm-none-eabi/7.2.1/../../../../arm-none-eabi/lib/thumb/v7e-m/fpv4-sp/hard/libcr_c.a(_cr_check_heap.o)
 .ARM.attributes
                0x000000000000069a       0x39 /usr/local/mcuxpressoide-10.2.0_759/ide/tools/bin/../lib/gcc/arm-none-eabi/7.2.1/../../../../arm-none-eabi/lib/thumb/v7e-m/fpv4-sp/hard/libcr_c.a(_do_fflush.o)
 .ARM.attributes
                0x00000000000006d3       0x25 /usr/local/mcuxpressoide-10.2.0_759/ide/tools/bin/../lib/gcc/arm-none-eabi/7.2.1/thumb/v7e-m/fpv4-sp/hard/libcr_eabihelpers.a(memcpy.o)
 .ARM.attributes
                0x00000000000006f8       0x25 /usr/local/mcuxpressoide-10.2.0_759/ide/tools/bin/../lib/gcc/arm-none-eabi/7.2.1/../../../../arm-none-eabi/lib/thumb/v7e-m/fpv4-sp/hard/libcr_semihost_nf.a(__sys_close.o)
 .ARM.attributes
                0x000000000000071d       0x25 /usr/local/mcuxpressoide-10.2.0_759/ide/tools/bin/../lib/gcc/arm-none-eabi/7.2.1/../../../../arm-none-eabi/lib/thumb/v7e-m/fpv4-sp/hard/libcr_semihost_nf.a(__sys_flen.o)
 .ARM.attributes
                0x0000000000000742       0x25 /usr/local/mcuxpressoide-10.2.0_759/ide/tools/bin/../lib/gcc/arm-none-eabi/7.2.1/../../../../arm-none-eabi/lib/thumb/v7e-m/fpv4-sp/hard/libcr_semihost_nf.a(__sys_istty.o)
 .ARM.attributes
                0x0000000000000767       0x25 /usr/local/mcuxpressoide-10.2.0_759/ide/tools/bin/../lib/gcc/arm-none-eabi/7.2.1/../../../../arm-none-eabi/lib/thumb/v7e-m/fpv4-sp/hard/libcr_semihost_nf.a(__sys_remove.o)
 .ARM.attributes
                0x000000000000078c       0x25 /usr/local/mcuxpressoide-10.2.0_759/ide/tools/bin/../lib/gcc/arm-none-eabi/7.2.1/../../../../arm-none-eabi/lib/thumb/v7e-m/fpv4-sp/hard/libcr_semihost_nf.a(__sys_seek.o)
 .ARM.attributes
                0x00000000000007b1       0x25 /usr/local/mcuxpressoide-10.2.0_759/ide/tools/bin/../lib/gcc/arm-none-eabi/7.2.1/../../../../arm-none-eabi/lib/thumb/v7e-m/fpv4-sp/hard/libcr_semihost_nf.a(__sys_tmpnam.o)
 .ARM.attributes
                0x00000000000007d6       0x25 /usr/local/mcuxpressoide-10.2.0_759/ide/tools/bin/../lib/gcc/arm-none-eabi/7.2.1/../../../../arm-none-eabi/lib/thumb/v7e-m/fpv4-sp/hard/libcr_semihost_nf.a(__sys_write.o)

.debug_frame    0x0000000000000000     0x12cc
 .debug_frame   0x0000000000000000      0xacc ./startup/startup_mk82f25615.o
 .debug_frame   0x0000000000000acc       0xc4 ./source/led_blinky_loop.o
 .debug_frame   0x0000000000000b90       0x20 ./source/semihost_hardfault.o
 .debug_frame   0x0000000000000bb0       0xec ./drivers/fsl_gpio.o
 .debug_frame   0x0000000000000c9c      0x524 ./drivers/fsl_lpuart.o
 .debug_frame   0x00000000000011c0       0x98 ./board/pin_mux.o
 .debug_frame   0x0000000000001258       0x74 ./CMSIS/system_MK82F25615.o
